<?xml version="1.0" encoding="UTF-8"?>
<testsuites>
  <testsuite name="/app/phpunit-ci.xml" tests="30" assertions="98" errors="0" failures="0" skipped="0" time="1.543999">
    <testsuite name="Unit" tests="26" assertions="90" errors="0" failures="0" skipped="0" time="0.795389">
      <testsuite name="Tests\Unit\Playground\Blade\Assets\Comment\InstanceTest" file="/app/tests/Unit/Assets/Comment/InstanceTest.php" tests="1" assertions="2" errors="0" failures="0" skipped="0" time="0.131167">
        <testcase name="test_instance_with_docs" file="/app/tests/Unit/Assets/Comment/InstanceTest.php" line="18" class="Tests\Unit\Playground\Blade\Assets\Comment\InstanceTest" classname="Tests.Unit.Playground.Blade.Assets.Comment.InstanceTest" assertions="2" time="0.131167"/>
      </testsuite>
      <testsuite name="Tests\Unit\Playground\Blade\Assets\Font\InstanceTest" file="/app/tests/Unit/Assets/Font/InstanceTest.php" tests="1" assertions="3" errors="0" failures="0" skipped="0" time="0.026319">
        <testcase name="test_instance_with_docs" file="/app/tests/Unit/Assets/Font/InstanceTest.php" line="18" class="Tests\Unit\Playground\Blade\Assets\Font\InstanceTest" classname="Tests.Unit.Playground.Blade.Assets.Font.InstanceTest" assertions="3" time="0.026319"/>
      </testsuite>
      <testsuite name="Tests\Unit\Playground\Blade\Assets\Icon\InstanceTest" file="/app/tests/Unit/Assets/Icon/InstanceTest.php" tests="1" assertions="3" errors="0" failures="0" skipped="0" time="0.025817">
        <testcase name="test_instance_with_docs" file="/app/tests/Unit/Assets/Icon/InstanceTest.php" line="18" class="Tests\Unit\Playground\Blade\Assets\Icon\InstanceTest" classname="Tests.Unit.Playground.Blade.Assets.Icon.InstanceTest" assertions="3" time="0.025817"/>
      </testsuite>
      <testsuite name="Tests\Unit\Playground\Blade\Assets\Link\InstanceTest" file="/app/tests/Unit/Assets/Link/InstanceTest.php" tests="1" assertions="3" errors="0" failures="0" skipped="0" time="0.025230">
        <testcase name="test_instance_with_docs" file="/app/tests/Unit/Assets/Link/InstanceTest.php" line="18" class="Tests\Unit\Playground\Blade\Assets\Link\InstanceTest" classname="Tests.Unit.Playground.Blade.Assets.Link.InstanceTest" assertions="3" time="0.025230"/>
      </testsuite>
      <testsuite name="Tests\Unit\Playground\Blade\Assets\Script\InstanceTest" file="/app/tests/Unit/Assets/Script/InstanceTest.php" tests="1" assertions="3" errors="0" failures="0" skipped="0" time="0.025207">
        <testcase name="test_instance_with_docs" file="/app/tests/Unit/Assets/Script/InstanceTest.php" line="18" class="Tests\Unit\Playground\Blade\Assets\Script\InstanceTest" classname="Tests.Unit.Playground.Blade.Assets.Script.InstanceTest" assertions="3" time="0.025207"/>
      </testsuite>
      <testsuite name="Tests\Unit\Playground\Blade\Assets\Style\InstanceTest" file="/app/tests/Unit/Assets/Style/InstanceTest.php" tests="1" assertions="3" errors="0" failures="0" skipped="0" time="0.024371">
        <testcase name="test_instance_with_docs" file="/app/tests/Unit/Assets/Style/InstanceTest.php" line="18" class="Tests\Unit\Playground\Blade\Assets\Style\InstanceTest" classname="Tests.Unit.Playground.Blade.Assets.Style.InstanceTest" assertions="3" time="0.024371"/>
      </testsuite>
      <testsuite name="Tests\Unit\Playground\Blade\Assets\Stylesheet\InstanceTest" file="/app/tests/Unit/Assets/Stylesheet/InstanceTest.php" tests="1" assertions="3" errors="0" failures="0" skipped="0" time="0.024068">
        <testcase name="test_instance_with_docs" file="/app/tests/Unit/Assets/Stylesheet/InstanceTest.php" line="18" class="Tests\Unit\Playground\Blade\Assets\Stylesheet\InstanceTest" classname="Tests.Unit.Playground.Blade.Assets.Stylesheet.InstanceTest" assertions="3" time="0.024068"/>
      </testsuite>
      <testsuite name="Tests\Unit\Playground\Blade\View\Components\Forms\Column\ComponentTest" file="/app/tests/Unit/View/Components/Forms/Column/ComponentTest.php" tests="5" assertions="23" errors="0" failures="0" skipped="0" time="0.143536">
        <testcase name="test_component_instance" file="/app/tests/Unit/View/Components/Forms/Column/ComponentTest.php" line="31" class="Tests\Unit\Playground\Blade\View\Components\Forms\Column\ComponentTest" classname="Tests.Unit.Playground.Blade.View.Components.Forms.Column.ComponentTest" assertions="2" time="0.026673"/>
        <testcase name="test_component_can_render_view_without_parameters" file="/app/tests/Unit/View/Components/Forms/Column/ComponentTest.php" line="40" class="Tests\Unit\Playground\Blade\View\Components\Forms\Column\ComponentTest" classname="Tests.Unit.Playground.Blade.View.Components.Forms.Column.ComponentTest" assertions="2" time="0.033534"/>
        <testcase name="test_component_can_render_view_without_label_on_title_column" file="/app/tests/Unit/View/Components/Forms/Column/ComponentTest.php" line="51" class="Tests\Unit\Playground\Blade\View\Components\Forms\Column\ComponentTest" classname="Tests.Unit.Playground.Blade.View.Components.Forms.Column.ComponentTest" assertions="5" time="0.027181"/>
        <testcase name="test_component_can_render_view_with_label_on_title_column" file="/app/tests/Unit/View/Components/Forms/Column/ComponentTest.php" line="68" class="Tests\Unit\Playground\Blade\View\Components\Forms\Column\ComponentTest" classname="Tests.Unit.Playground.Blade.View.Components.Forms.Column.ComponentTest" assertions="6" time="0.028450"/>
        <testcase name="test_component_can_render_view_with_label_on_title_column_with_error" file="/app/tests/Unit/View/Components/Forms/Column/ComponentTest.php" line="88" class="Tests\Unit\Playground\Blade\View\Components\Forms\Column\ComponentTest" classname="Tests.Unit.Playground.Blade.View.Components.Forms.Column.ComponentTest" assertions="8" time="0.027699"/>
      </testsuite>
      <testsuite name="Tests\Unit\Playground\Blade\View\Components\Forms\ColumnEditor\ComponentTest" file="/app/tests/Unit/View/Components/Forms/ColumnEditor/ComponentTest.php" tests="4" assertions="19" errors="0" failures="0" skipped="0" time="0.106549">
        <testcase name="test_component_instance" file="/app/tests/Unit/View/Components/Forms/ColumnEditor/ComponentTest.php" line="31" class="Tests\Unit\Playground\Blade\View\Components\Forms\ColumnEditor\ComponentTest" classname="Tests.Unit.Playground.Blade.View.Components.Forms.ColumnEditor.ComponentTest" assertions="2" time="0.024690"/>
        <testcase name="test_component_can_render_view_without_parameters" file="/app/tests/Unit/View/Components/Forms/ColumnEditor/ComponentTest.php" line="40" class="Tests\Unit\Playground\Blade\View\Components\Forms\ColumnEditor\ComponentTest" classname="Tests.Unit.Playground.Blade.View.Components.Forms.ColumnEditor.ComponentTest" assertions="3" time="0.027088"/>
        <testcase name="test_component_can_render_view_with_content_textarea" file="/app/tests/Unit/View/Components/Forms/ColumnEditor/ComponentTest.php" line="48" class="Tests\Unit\Playground\Blade\View\Components\Forms\ColumnEditor\ComponentTest" classname="Tests.Unit.Playground.Blade.View.Components.Forms.ColumnEditor.ComponentTest" assertions="7" time="0.027413"/>
        <testcase name="test_component_can_render_view_with_content_textarea_and_described" file="/app/tests/Unit/View/Components/Forms/ColumnEditor/ComponentTest.php" line="67" class="Tests\Unit\Playground\Blade\View\Components\Forms\ColumnEditor\ComponentTest" classname="Tests.Unit.Playground.Blade.View.Components.Forms.ColumnEditor.ComponentTest" assertions="7" time="0.027357"/>
      </testsuite>
      <testsuite name="Tests\Unit\Playground\Blade\View\Components\Forms\ColumnSelect\ComponentTest" file="/app/tests/Unit/View/Components/Forms/ColumnSelect/ComponentTest.php" tests="3" assertions="9" errors="0" failures="0" skipped="0" time="0.078795">
        <testcase name="test_component_instance" file="/app/tests/Unit/View/Components/Forms/ColumnSelect/ComponentTest.php" line="31" class="Tests\Unit\Playground\Blade\View\Components\Forms\ColumnSelect\ComponentTest" classname="Tests.Unit.Playground.Blade.View.Components.Forms.ColumnSelect.ComponentTest" assertions="2" time="0.024252"/>
        <testcase name="test_component_can_render_view_without_parameters" file="/app/tests/Unit/View/Components/Forms/ColumnSelect/ComponentTest.php" line="40" class="Tests\Unit\Playground\Blade\View\Components\Forms\ColumnSelect\ComponentTest" classname="Tests.Unit.Playground.Blade.View.Components.Forms.ColumnSelect.ComponentTest" assertions="3" time="0.028072"/>
        <testcase name="test_component_can_render_view_with_select" file="/app/tests/Unit/View/Components/Forms/ColumnSelect/ComponentTest.php" line="48" class="Tests\Unit\Playground\Blade\View\Components\Forms\ColumnSelect\ComponentTest" classname="Tests.Unit.Playground.Blade.View.Components.Forms.ColumnSelect.ComponentTest" assertions="4" time="0.026472"/>
      </testsuite>
      <testsuite name="Tests\Unit\Playground\Blade\View\Components\ModelFlag\ComponentTest" file="/app/tests/Unit/View/Components/ModelFlag/ComponentTest.php" tests="5" assertions="15" errors="0" failures="0" skipped="0" time="0.131860">
        <testcase name="test_component_instance" file="/app/tests/Unit/View/Components/ModelFlag/ComponentTest.php" line="31" class="Tests\Unit\Playground\Blade\View\Components\ModelFlag\ComponentTest" classname="Tests.Unit.Playground.Blade.View.Components.ModelFlag.ComponentTest" assertions="2" time="0.024054"/>
        <testcase name="test_component_renders_empty_view_without_labels_or_classes" file="/app/tests/Unit/View/Components/ModelFlag/ComponentTest.php" line="42" class="Tests\Unit\Playground\Blade\View\Components\ModelFlag\ComponentTest" classname="Tests.Unit.Playground.Blade.View.Components.ModelFlag.ComponentTest" assertions="1" time="0.026175"/>
        <testcase name="test_component_can_render_view_with_true_value" file="/app/tests/Unit/View/Components/ModelFlag/ComponentTest.php" line="58" class="Tests\Unit\Playground\Blade\View\Components\ModelFlag\ComponentTest" classname="Tests.Unit.Playground.Blade.View.Components.ModelFlag.ComponentTest" assertions="4" time="0.025877"/>
        <testcase name="test_component_can_render_view_with_false_value" file="/app/tests/Unit/View/Components/ModelFlag/ComponentTest.php" line="77" class="Tests\Unit\Playground\Blade\View\Components\ModelFlag\ComponentTest" classname="Tests.Unit.Playground.Blade.View.Components.ModelFlag.ComponentTest" assertions="4" time="0.026455"/>
        <testcase name="test_component_can_render_view_with_null_value" file="/app/tests/Unit/View/Components/ModelFlag/ComponentTest.php" line="96" class="Tests\Unit\Playground\Blade\View\Components\ModelFlag\ComponentTest" classname="Tests.Unit.Playground.Blade.View.Components.ModelFlag.ComponentTest" assertions="4" time="0.029299"/>
      </testsuite>
      <testsuite name="Tests\Unit\Playground\Blade\View\Components\Table\Data\ComponentTest" file="/app/tests/Unit/View/Components/Table/Data/ComponentTest.php" tests="2" assertions="4" errors="0" failures="0" skipped="0" time="0.052471">
        <testcase name="test_component_instance" file="/app/tests/Unit/View/Components/Table/Data/ComponentTest.php" line="32" class="Tests\Unit\Playground\Blade\View\Components\Table\Data\ComponentTest" classname="Tests.Unit.Playground.Blade.View.Components.Table.Data.ComponentTest" assertions="2" time="0.024542"/>
        <testcase name="test_component_cannot_render_view_without_paginator" file="/app/tests/Unit/View/Components/Table/Data/ComponentTest.php" line="41" class="Tests\Unit\Playground\Blade\View\Components\Table\Data\ComponentTest" classname="Tests.Unit.Playground.Blade.View.Components.Table.Data.ComponentTest" assertions="2" time="0.027929"/>
      </testsuite>
    </testsuite>
    <testsuite name="Feature" tests="4" assertions="8" errors="0" failures="0" skipped="0" time="0.748610">
      <testsuite name="Tests\Feature\Playground\Blade\Console\Commands\About\CommandTest" file="/app/tests/Feature/Console/Commands/About/CommandTest.php" tests="1" assertions="2" errors="0" failures="0" skipped="0" time="0.297626">
        <testcase name="test_command_about_displays_package_information_and_succeed_with_code_0" file="/app/tests/Feature/Console/Commands/About/CommandTest.php" line="22" class="Tests\Feature\Playground\Blade\Console\Commands\About\CommandTest" classname="Tests.Feature.Playground.Blade.Console.Commands.About.CommandTest" assertions="2" time="0.297626"/>
      </testsuite>
      <testsuite name="Tests\Feature\Playground\Blade\View\Components\Table\Data\ComponentTest" file="/app/tests/Feature/View/Components/Table/Data/ComponentTest.php" tests="3" assertions="6" errors="0" failures="0" skipped="0" time="0.450984">
        <testcase name="test_component_instance" file="/app/tests/Feature/View/Components/Table/Data/ComponentTest.php" line="34" class="Tests\Feature\Playground\Blade\View\Components\Table\Data\ComponentTest" classname="Tests.Feature.Playground.Blade.View.Components.Table.Data.ComponentTest" assertions="2" time="0.142825"/>
        <testcase name="test_component_can_render_empty_view_without_columns" file="/app/tests/Feature/View/Components/Table/Data/ComponentTest.php" line="43" class="Tests\Feature\Playground\Blade\View\Components\Table\Data\ComponentTest" classname="Tests.Feature.Playground.Blade.View.Components.Table.Data.ComponentTest" assertions="2" time="0.153314"/>
        <testcase name="test_component_can_render_view" file="/app/tests/Feature/View/Components/Table/Data/ComponentTest.php" line="55" class="Tests\Feature\Playground\Blade\View\Components\Table\Data\ComponentTest" classname="Tests.Feature.Playground.Blade.View.Components.Table.Data.ComponentTest" assertions="2" time="0.154845"/>
      </testsuite>
    </testsuite>
  </testsuite>
</testsuites>
